# 2026-10-07T11:23:34Z audit_AuditAxiomsAll: lake env lean audit/AuditAxiomsAll.lean
'ResidueAPN.card_fibre' depends on axioms: [propext, Classical.choice, Quot.sound]
'ResidueAPN.card_ker_mul' depends on axioms: [propext, Classical.choice, Quot.sound]
'ResidueAPN.card_roots_polG' depends on axioms: [propext, Classical.choice, Quot.sound]
'ResidueAPN.card_suppP' depends on axioms: [propext, Classical.choice, Quot.sound]
'ResidueAPN.derivative_eval_eq_zero_iff' depends on axioms: [propext, Classical.choice, Quot.sound]
'ResidueAPN.derivative_polP_eq_pow' depends on axioms: [propext, Classical.choice, Quot.sound]
'ResidueAPN.det_B_ne_zero' depends on axioms: [propext, Classical.choice, Quot.sound]
'ResidueAPN.eval_polP' depends on axioms: [propext, Classical.choice, Quot.sound]
'ResidueAPN.image_evalD' depends on axioms: [propext, Classical.choice, Quot.sound]
'ResidueAPN.isCoprime_polG_polE' depends on axioms: [propext, Classical.choice, Quot.sound]
'ResidueAPN.isOptimalAPNPerm_P' depends on axioms: [propext, Classical.choice, Quot.sound]
'ResidueAPN.lift_reduces' depends on axioms: [propext, Classical.choice, Quot.sound]
'ResidueAPN.multiplicity_at_root' depends on axioms: [propext, Classical.choice, Quot.sound]
'ResidueAPN.natDegree_polP' depends on axioms: [propext, Classical.choice, Quot.sound]
'ResidueAPN.polP_add_one_eq_pow' depends on axioms: [propext, Classical.choice, Quot.sound]
'ResidueAPN.polP_eq_sum_supp' depends on axioms: [propext, Classical.choice, Quot.sound]
'ResidueAPN.propW' depends on axioms: [propext, Classical.choice, Quot.sound]
'ResidueAPN.prop_6_1' depends on axioms: [propext, Classical.choice, Quot.sound]
'ResidueAPN.prop_6_1_family' depends on axioms: [propext, Classical.choice, Quot.sound]
'ResidueAPN.proposition_5_1' depends on axioms: [propext, Classical.choice, Quot.sound]
'ResidueAPN.root_fixed_two_s' depends on axioms: [propext, Classical.choice, Quot.sound]
'ResidueAPN.root_not_fixed_of_coprime' depends on axioms: [propext, Classical.choice, Quot.sound]
'ResidueAPN.root_not_fixed_s' depends on axioms: [propext, Classical.choice, Quot.sound]
'ResidueAPN.separable_polG' depends on axioms: [propext, Classical.choice, Quot.sound]
'ResidueAPN.theorem_3_1' depends on axioms: [propext, Classical.choice, Quot.sound]
'ResidueAPN.thm_6_2_top' depends on axioms: [propext, Classical.choice, Quot.sound]
'ResidueAPN.thm_6_2_top_family' depends on axioms: [propext, Classical.choice, Quot.sound]
'ResidueAPN.thm_6_2_unit' depends on axioms: [propext, Classical.choice, Quot.sound]
'ResidueAPN.thm_6_2_unit_family' depends on axioms: [propext, Classical.choice, Quot.sound]
# 2026-10-07T11:23:38Z exit=0
