# 2026-10-07T11:21:13Z fetch: lake exe cache get
info: mathlib: cloning https://github.com/leanprover-community/mathlib4
info: mathlib: checking out revision 'd568c8c09630de097a046763c17b9ea99f95f950'
info: plausible: cloning https://github.com/leanprover-community/plausible
info: plausible: checking out revision 'd575be693add4fe9cb996968968ce42ce75c5ccd'
info: LeanSearchClient: cloning https://github.com/leanprover-community/LeanSearchClient
info: LeanSearchClient: checking out revision 'c5d5b8fe6e5158def25cd28eb94e4141ad97c843'
info: importGraph: cloning https://github.com/leanprover-community/import-graph
info: importGraph: checking out revision '6db47de43aa7f516708053ae2fdadd29dd9baaaa'
info: proofwidgets: cloning https://github.com/leanprover-community/ProofWidgets4
info: proofwidgets: checking out revision '85bb7e7637e84a7d9803be7d954579fdae42c64b'
info: aesop: cloning https://github.com/leanprover-community/aesop
info: aesop: checking out revision 'fafca80479ff95e041d84373dda7122adf1295f2'
info: Qq: cloning https://github.com/leanprover-community/quote4
info: Qq: checking out revision '8d33324ee877e9735d2829bc6f1f439e60cf98b1'
info: batteries: cloning https://github.com/leanprover-community/batteries
info: batteries: checking out revision '708b057842c4cd0845fba132bd94b08493f6fc42'
info: Cli: cloning https://github.com/leanprover/lean4-cli
info: Cli: checking out revision '48bdcff4c5fa27e09028f9f330e59baa0d4640cf'
✔ [4/24] Built Cache.Init (244ms)
✔ [5/24] Built Batteries.Data.String.Basic (292ms)
✔ [6/24] Built Cache.Lean (312ms)
✔ [7/24] Built Batteries.Data.Array.Match (453ms)
✔ [8/24] Built Batteries.Data.Array.Match:c.o (126ms)
✔ [9/24] Built Batteries.Data.String.Basic:c.o (248ms)
✔ [10/24] Built Cache.Lean:c.o (230ms)
✔ [11/24] Built Cache.Init:c.o (272ms)
✔ [12/24] Built Batteries.Data.String.Matcher (218ms)
✔ [13/24] Built Batteries.Tactic.OpenPrivate (603ms)
✔ [14/24] Built Batteries.Data.String.Matcher:c.o (102ms)
✔ [15/24] Built Batteries.Tactic.OpenPrivate:c.o (512ms)
✔ [16/24] Built Cache.IO (743ms)
✔ [17/24] Built Cache.Hashing (462ms)
✔ [18/24] Built Cache.IO:c.o (632ms)
✔ [19/24] Built Cache.Hashing:c.o (195ms)
✔ [20/24] Built Cache.Requests (924ms)
✔ [21/24] Built Cache.Main (514ms)
✔ [22/24] Built Cache.Main:c.o (284ms)
✔ [23/24] Built Cache.Requests:c.o (929ms)
ℹ [24/24] Built cache:exe (1.0s)
info: stderr:
ld64.lld: warning: directory not found for option -L/usr/local/lib
Decompressing 8473 already-cached file(s) (4 already decompressed)
Current branch: HEAD
Using cache (Azure) from origin: (some leanprover-community/mathlib4)
No files to download
Decompressed 8473 already-cached file(s)
Completed successfully in 43527 ms!
# 2026-10-07T11:22:43Z exit=0
